// Jest Snapshot v1, https://goo.gl/fbAQLP

exports[`Home page should render correctly 1`] = `
<div
  className="MuiGrid-root Home MuiGrid-container MuiGrid-align-items-xs-center MuiGrid-justify-xs-center"
>
  <div
    className="MuiGrid-root Home__row MuiGrid-item MuiGrid-grid-xs-12"
  >
    <a
      aria-disabled={false}
      className="MuiButtonBase-root MuiButton-root MuiButton-contained MuiButton-containedPrimary"
      href="em/api/auth/google"
      onBlur={[Function]}
      onDragEnd={[Function]}
      onFocus={[Function]}
      onKeyDown={[Function]}
      onKeyUp={[Function]}
      onMouseDown={[Function]}
      onMouseLeave={[Function]}
      onMouseUp={[Function]}
      onTouchEnd={[Function]}
      onTouchMove={[Function]}
      onTouchStart={[Function]}
      role="button"
      tabIndex={0}
    >
      <span
        className="MuiButton-label"
      >
        Google
      </span>
      <span
        className="MuiTouchRipple-root"
      />
    </a>
  </div>
  <div
    className="MuiGrid-root Home__row MuiGrid-item MuiGrid-grid-xs-12"
  >
    <a
      aria-disabled={false}
      className="MuiButtonBase-root MuiButton-root MuiButton-contained MuiButton-containedPrimary"
      href="em/api/auth/facebook"
      onBlur={[Function]}
      onDragEnd={[Function]}
      onFocus={[Function]}
      onKeyDown={[Function]}
      onKeyUp={[Function]}
      onMouseDown={[Function]}
      onMouseLeave={[Function]}
      onMouseUp={[Function]}
      onTouchEnd={[Function]}
      onTouchMove={[Function]}
      onTouchStart={[Function]}
      role="button"
      tabIndex={0}
    >
      <span
        className="MuiButton-label"
      >
        Facebook
      </span>
      <span
        className="MuiTouchRipple-root"
      />
    </a>
  </div>
  <div
    className="MuiGrid-root Home__row MuiGrid-item MuiGrid-grid-xs-12"
  >
    <button
      className="MuiButtonBase-root MuiButton-root MuiButton-outlined MuiButton-outlinedPrimary Mui-disabled Mui-disabled"
      disabled={true}
      onBlur={[Function]}
      onDragEnd={[Function]}
      onFocus={[Function]}
      onKeyDown={[Function]}
      onKeyUp={[Function]}
      onMouseDown={[Function]}
      onMouseLeave={[Function]}
      onMouseUp={[Function]}
      onTouchEnd={[Function]}
      onTouchMove={[Function]}
      onTouchStart={[Function]}
      tabIndex={-1}
      type="button"
    >
      <span
        className="MuiButton-label"
      >
        Instagram
      </span>
    </button>
  </div>
</div>
`;
